ARM GAS  C:\Users\megan\AppData\Local\Temp\cc2EjG34.s 			page 1


   1              		.syntax unified
   2              		.cpu cortex-m0
   3              		.fpu softvfp
   4              		.eabi_attribute 20, 1
   5              		.eabi_attribute 21, 1
   6              		.eabi_attribute 23, 3
   7              		.eabi_attribute 24, 1
   8              		.eabi_attribute 25, 1
   9              		.eabi_attribute 26, 1
  10              		.eabi_attribute 30, 6
  11              		.eabi_attribute 34, 0
  12              		.eabi_attribute 18, 4
  13              		.thumb
  14              		.syntax unified
  15              		.file	"cyfitter_cfg.c"
  16              		.text
  17              	.Ltext0:
  18              		.cfi_sections	.debug_frame
  19              		.section	.text.CYMEMZERO,"ax",%progbits
  20              		.align	2
  21              		.code	16
  22              		.thumb_func
  23              		.type	CYMEMZERO, %function
  24              	CYMEMZERO:
  25              	.LFB2:
  26              		.file 1 "Generated_Source\\PSoC4\\cyfitter_cfg.c"
   1:Generated_Source\PSoC4/cyfitter_cfg.c **** 
   2:Generated_Source\PSoC4/cyfitter_cfg.c **** /*******************************************************************************
   3:Generated_Source\PSoC4/cyfitter_cfg.c **** * File Name: cyfitter_cfg.c
   4:Generated_Source\PSoC4/cyfitter_cfg.c **** * 
   5:Generated_Source\PSoC4/cyfitter_cfg.c **** * PSoC Creator  4.1 Update 1
   6:Generated_Source\PSoC4/cyfitter_cfg.c **** *
   7:Generated_Source\PSoC4/cyfitter_cfg.c **** * Description:
   8:Generated_Source\PSoC4/cyfitter_cfg.c **** * This file contains device initialization code.
   9:Generated_Source\PSoC4/cyfitter_cfg.c **** * Except for the user defined sections in CyClockStartupError(), this file should not be modified.
  10:Generated_Source\PSoC4/cyfitter_cfg.c **** * This file is automatically generated by PSoC Creator.
  11:Generated_Source\PSoC4/cyfitter_cfg.c **** *
  12:Generated_Source\PSoC4/cyfitter_cfg.c **** ********************************************************************************
  13:Generated_Source\PSoC4/cyfitter_cfg.c **** * Copyright (c) 2007-2017 Cypress Semiconductor.  All rights reserved.
  14:Generated_Source\PSoC4/cyfitter_cfg.c **** * You may use this file only in accordance with the license, terms, conditions, 
  15:Generated_Source\PSoC4/cyfitter_cfg.c **** * disclaimers, and limitations in the end user license agreement accompanying 
  16:Generated_Source\PSoC4/cyfitter_cfg.c **** * the software package with which this file was provided.
  17:Generated_Source\PSoC4/cyfitter_cfg.c **** ********************************************************************************/
  18:Generated_Source\PSoC4/cyfitter_cfg.c **** 
  19:Generated_Source\PSoC4/cyfitter_cfg.c **** #include <string.h>
  20:Generated_Source\PSoC4/cyfitter_cfg.c **** #include "cytypes.h"
  21:Generated_Source\PSoC4/cyfitter_cfg.c **** #include "cydevice_trm.h"
  22:Generated_Source\PSoC4/cyfitter_cfg.c **** #include "cyfitter.h"
  23:Generated_Source\PSoC4/cyfitter_cfg.c **** #include "CyLib.h"
  24:Generated_Source\PSoC4/cyfitter_cfg.c **** #include "CyLFClk.h"
  25:Generated_Source\PSoC4/cyfitter_cfg.c **** #include "cyfitter_cfg.h"
  26:Generated_Source\PSoC4/cyfitter_cfg.c **** #include "cyapicallbacks.h"
  27:Generated_Source\PSoC4/cyfitter_cfg.c **** 
  28:Generated_Source\PSoC4/cyfitter_cfg.c **** 
  29:Generated_Source\PSoC4/cyfitter_cfg.c **** #if defined(__GNUC__) || defined(__ARMCC_VERSION)
  30:Generated_Source\PSoC4/cyfitter_cfg.c ****     #define CYPACKED 
  31:Generated_Source\PSoC4/cyfitter_cfg.c ****     #define CYPACKED_ATTR __attribute__ ((packed))
ARM GAS  C:\Users\megan\AppData\Local\Temp\cc2EjG34.s 			page 2


  32:Generated_Source\PSoC4/cyfitter_cfg.c ****     #define CYALIGNED __attribute__ ((aligned))
  33:Generated_Source\PSoC4/cyfitter_cfg.c ****     #define CY_CFG_UNUSED __attribute__ ((unused))
  34:Generated_Source\PSoC4/cyfitter_cfg.c ****     #ifndef CY_CFG_SECTION
  35:Generated_Source\PSoC4/cyfitter_cfg.c ****         #define CY_CFG_SECTION __attribute__ ((section(".psocinit")))
  36:Generated_Source\PSoC4/cyfitter_cfg.c ****     #endif
  37:Generated_Source\PSoC4/cyfitter_cfg.c ****     
  38:Generated_Source\PSoC4/cyfitter_cfg.c ****     #if defined(__ARMCC_VERSION)
  39:Generated_Source\PSoC4/cyfitter_cfg.c ****         #define CY_CFG_MEMORY_BARRIER() __memory_changed()
  40:Generated_Source\PSoC4/cyfitter_cfg.c ****     #else
  41:Generated_Source\PSoC4/cyfitter_cfg.c ****         #define CY_CFG_MEMORY_BARRIER() __sync_synchronize()
  42:Generated_Source\PSoC4/cyfitter_cfg.c ****     #endif
  43:Generated_Source\PSoC4/cyfitter_cfg.c ****     
  44:Generated_Source\PSoC4/cyfitter_cfg.c **** #elif defined(__ICCARM__)
  45:Generated_Source\PSoC4/cyfitter_cfg.c ****     #include <intrinsics.h>
  46:Generated_Source\PSoC4/cyfitter_cfg.c **** 
  47:Generated_Source\PSoC4/cyfitter_cfg.c ****     #define CYPACKED __packed
  48:Generated_Source\PSoC4/cyfitter_cfg.c ****     #define CYPACKED_ATTR 
  49:Generated_Source\PSoC4/cyfitter_cfg.c ****     #define CYALIGNED _Pragma("data_alignment=4")
  50:Generated_Source\PSoC4/cyfitter_cfg.c ****     #define CY_CFG_UNUSED _Pragma("diag_suppress=Pe177")
  51:Generated_Source\PSoC4/cyfitter_cfg.c ****     #define CY_CFG_SECTION _Pragma("location=\".psocinit\"")
  52:Generated_Source\PSoC4/cyfitter_cfg.c ****     
  53:Generated_Source\PSoC4/cyfitter_cfg.c ****     #define CY_CFG_MEMORY_BARRIER() __DMB()
  54:Generated_Source\PSoC4/cyfitter_cfg.c ****     
  55:Generated_Source\PSoC4/cyfitter_cfg.c **** #else
  56:Generated_Source\PSoC4/cyfitter_cfg.c ****     #error Unsupported toolchain
  57:Generated_Source\PSoC4/cyfitter_cfg.c **** #endif
  58:Generated_Source\PSoC4/cyfitter_cfg.c **** 
  59:Generated_Source\PSoC4/cyfitter_cfg.c **** #ifndef CYCODE
  60:Generated_Source\PSoC4/cyfitter_cfg.c ****     #define CYCODE
  61:Generated_Source\PSoC4/cyfitter_cfg.c **** #endif
  62:Generated_Source\PSoC4/cyfitter_cfg.c **** #ifndef CYDATA
  63:Generated_Source\PSoC4/cyfitter_cfg.c ****     #define CYDATA
  64:Generated_Source\PSoC4/cyfitter_cfg.c **** #endif
  65:Generated_Source\PSoC4/cyfitter_cfg.c **** #ifndef CYFAR
  66:Generated_Source\PSoC4/cyfitter_cfg.c ****     #define CYFAR
  67:Generated_Source\PSoC4/cyfitter_cfg.c **** #endif
  68:Generated_Source\PSoC4/cyfitter_cfg.c **** #ifndef CYXDATA
  69:Generated_Source\PSoC4/cyfitter_cfg.c ****     #define CYXDATA
  70:Generated_Source\PSoC4/cyfitter_cfg.c **** #endif
  71:Generated_Source\PSoC4/cyfitter_cfg.c **** 
  72:Generated_Source\PSoC4/cyfitter_cfg.c **** 
  73:Generated_Source\PSoC4/cyfitter_cfg.c **** CY_CFG_UNUSED
  74:Generated_Source\PSoC4/cyfitter_cfg.c **** static void CYMEMZERO(void *s, size_t n);
  75:Generated_Source\PSoC4/cyfitter_cfg.c **** CY_CFG_UNUSED
  76:Generated_Source\PSoC4/cyfitter_cfg.c **** static void CYMEMZERO(void *s, size_t n)
  77:Generated_Source\PSoC4/cyfitter_cfg.c **** {
  27              		.loc 1 77 0
  28              		.cfi_startproc
  29              		@ args = 0, pretend = 0, frame = 8
  30              		@ frame_needed = 1, uses_anonymous_args = 0
  31 0000 80B5     		push	{r7, lr}
  32              		.cfi_def_cfa_offset 8
  33              		.cfi_offset 7, -8
  34              		.cfi_offset 14, -4
  35 0002 82B0     		sub	sp, sp, #8
  36              		.cfi_def_cfa_offset 16
  37 0004 00AF     		add	r7, sp, #0
ARM GAS  C:\Users\megan\AppData\Local\Temp\cc2EjG34.s 			page 3


  38              		.cfi_def_cfa_register 7
  39 0006 7860     		str	r0, [r7, #4]
  40 0008 3960     		str	r1, [r7]
  78:Generated_Source\PSoC4/cyfitter_cfg.c **** 	(void)memset(s, 0, n);
  41              		.loc 1 78 0
  42 000a 3A68     		ldr	r2, [r7]
  43 000c 7B68     		ldr	r3, [r7, #4]
  44 000e 0021     		movs	r1, #0
  45 0010 1800     		movs	r0, r3
  46 0012 FFF7FEFF 		bl	memset
  79:Generated_Source\PSoC4/cyfitter_cfg.c **** }
  47              		.loc 1 79 0
  48 0016 C046     		nop
  49 0018 BD46     		mov	sp, r7
  50 001a 02B0     		add	sp, sp, #8
  51              		@ sp needed
  52 001c 80BD     		pop	{r7, pc}
  53              		.cfi_endproc
  54              	.LFE2:
  55              		.size	CYMEMZERO, .-CYMEMZERO
  56 001e C046     		.section	.text.CYCONFIGCPY,"ax",%progbits
  57              		.align	2
  58              		.code	16
  59              		.thumb_func
  60              		.type	CYCONFIGCPY, %function
  61              	CYCONFIGCPY:
  62              	.LFB3:
  80:Generated_Source\PSoC4/cyfitter_cfg.c **** CY_CFG_UNUSED
  81:Generated_Source\PSoC4/cyfitter_cfg.c **** static void CYCONFIGCPY(void *dest, const void *src, size_t n);
  82:Generated_Source\PSoC4/cyfitter_cfg.c **** CY_CFG_UNUSED
  83:Generated_Source\PSoC4/cyfitter_cfg.c **** static void CYCONFIGCPY(void *dest, const void *src, size_t n)
  84:Generated_Source\PSoC4/cyfitter_cfg.c **** {
  63              		.loc 1 84 0
  64              		.cfi_startproc
  65              		@ args = 0, pretend = 0, frame = 16
  66              		@ frame_needed = 1, uses_anonymous_args = 0
  67 0000 80B5     		push	{r7, lr}
  68              		.cfi_def_cfa_offset 8
  69              		.cfi_offset 7, -8
  70              		.cfi_offset 14, -4
  71 0002 84B0     		sub	sp, sp, #16
  72              		.cfi_def_cfa_offset 24
  73 0004 00AF     		add	r7, sp, #0
  74              		.cfi_def_cfa_register 7
  75 0006 F860     		str	r0, [r7, #12]
  76 0008 B960     		str	r1, [r7, #8]
  77 000a 7A60     		str	r2, [r7, #4]
  85:Generated_Source\PSoC4/cyfitter_cfg.c **** 	(void)memcpy(dest, src, n);
  78              		.loc 1 85 0
  79 000c 7A68     		ldr	r2, [r7, #4]
  80 000e B968     		ldr	r1, [r7, #8]
  81 0010 FB68     		ldr	r3, [r7, #12]
  82 0012 1800     		movs	r0, r3
  83 0014 FFF7FEFF 		bl	memcpy
  86:Generated_Source\PSoC4/cyfitter_cfg.c **** }
  84              		.loc 1 86 0
  85 0018 C046     		nop
ARM GAS  C:\Users\megan\AppData\Local\Temp\cc2EjG34.s 			page 4


  86 001a BD46     		mov	sp, r7
  87 001c 04B0     		add	sp, sp, #16
  88              		@ sp needed
  89 001e 80BD     		pop	{r7, pc}
  90              		.cfi_endproc
  91              	.LFE3:
  92              		.size	CYCONFIGCPY, .-CYCONFIGCPY
  93              		.section	.text.CYCONFIGCPYCODE,"ax",%progbits
  94              		.align	2
  95              		.code	16
  96              		.thumb_func
  97              		.type	CYCONFIGCPYCODE, %function
  98              	CYCONFIGCPYCODE:
  99              	.LFB4:
  87:Generated_Source\PSoC4/cyfitter_cfg.c **** CY_CFG_UNUSED
  88:Generated_Source\PSoC4/cyfitter_cfg.c **** static void CYCONFIGCPYCODE(void *dest, const void *src, size_t n);
  89:Generated_Source\PSoC4/cyfitter_cfg.c **** CY_CFG_UNUSED
  90:Generated_Source\PSoC4/cyfitter_cfg.c **** static void CYCONFIGCPYCODE(void *dest, const void *src, size_t n)
  91:Generated_Source\PSoC4/cyfitter_cfg.c **** {
 100              		.loc 1 91 0
 101              		.cfi_startproc
 102              		@ args = 0, pretend = 0, frame = 16
 103              		@ frame_needed = 1, uses_anonymous_args = 0
 104 0000 80B5     		push	{r7, lr}
 105              		.cfi_def_cfa_offset 8
 106              		.cfi_offset 7, -8
 107              		.cfi_offset 14, -4
 108 0002 84B0     		sub	sp, sp, #16
 109              		.cfi_def_cfa_offset 24
 110 0004 00AF     		add	r7, sp, #0
 111              		.cfi_def_cfa_register 7
 112 0006 F860     		str	r0, [r7, #12]
 113 0008 B960     		str	r1, [r7, #8]
 114 000a 7A60     		str	r2, [r7, #4]
  92:Generated_Source\PSoC4/cyfitter_cfg.c **** 	(void)memcpy(dest, src, n);
 115              		.loc 1 92 0
 116 000c 7A68     		ldr	r2, [r7, #4]
 117 000e B968     		ldr	r1, [r7, #8]
 118 0010 FB68     		ldr	r3, [r7, #12]
 119 0012 1800     		movs	r0, r3
 120 0014 FFF7FEFF 		bl	memcpy
  93:Generated_Source\PSoC4/cyfitter_cfg.c **** }
 121              		.loc 1 93 0
 122 0018 C046     		nop
 123 001a BD46     		mov	sp, r7
 124 001c 04B0     		add	sp, sp, #16
 125              		@ sp needed
 126 001e 80BD     		pop	{r7, pc}
 127              		.cfi_endproc
 128              	.LFE4:
 129              		.size	CYCONFIGCPYCODE, .-CYCONFIGCPYCODE
 130              		.section	.psocinit,"ax",%progbits
 131              		.align	2
 132              		.code	16
 133              		.thumb_func
 134              		.type	ClockSetup, %function
 135              	ClockSetup:
ARM GAS  C:\Users\megan\AppData\Local\Temp\cc2EjG34.s 			page 5


 136              	.LFB5:
  94:Generated_Source\PSoC4/cyfitter_cfg.c **** 
  95:Generated_Source\PSoC4/cyfitter_cfg.c **** 
  96:Generated_Source\PSoC4/cyfitter_cfg.c **** 
  97:Generated_Source\PSoC4/cyfitter_cfg.c **** 
  98:Generated_Source\PSoC4/cyfitter_cfg.c **** /* Clock startup error codes                                                   */
  99:Generated_Source\PSoC4/cyfitter_cfg.c **** #define CYCLOCKSTART_NO_ERROR    0u
 100:Generated_Source\PSoC4/cyfitter_cfg.c **** #define CYCLOCKSTART_XTAL_ERROR  1u
 101:Generated_Source\PSoC4/cyfitter_cfg.c **** #define CYCLOCKSTART_32KHZ_ERROR 2u
 102:Generated_Source\PSoC4/cyfitter_cfg.c **** #define CYCLOCKSTART_PLL_ERROR   3u
 103:Generated_Source\PSoC4/cyfitter_cfg.c **** #define CYCLOCKSTART_FLL_ERROR   4u
 104:Generated_Source\PSoC4/cyfitter_cfg.c **** 
 105:Generated_Source\PSoC4/cyfitter_cfg.c **** 
 106:Generated_Source\PSoC4/cyfitter_cfg.c **** #ifdef CY_NEED_CYCLOCKSTARTUPERROR
 107:Generated_Source\PSoC4/cyfitter_cfg.c **** /*******************************************************************************
 108:Generated_Source\PSoC4/cyfitter_cfg.c **** * Function Name: CyClockStartupError
 109:Generated_Source\PSoC4/cyfitter_cfg.c **** ********************************************************************************
 110:Generated_Source\PSoC4/cyfitter_cfg.c **** * Summary:
 111:Generated_Source\PSoC4/cyfitter_cfg.c **** *  If an error is encountered during clock configuration (crystal startup error,
 112:Generated_Source\PSoC4/cyfitter_cfg.c **** *  PLL lock error, etc.), the system will end up here.  Unless reimplemented by
 113:Generated_Source\PSoC4/cyfitter_cfg.c **** *  the customer, this function will stop in an infinite loop.
 114:Generated_Source\PSoC4/cyfitter_cfg.c **** *
 115:Generated_Source\PSoC4/cyfitter_cfg.c **** * Parameters:
 116:Generated_Source\PSoC4/cyfitter_cfg.c **** *   void
 117:Generated_Source\PSoC4/cyfitter_cfg.c **** *
 118:Generated_Source\PSoC4/cyfitter_cfg.c **** * Return:
 119:Generated_Source\PSoC4/cyfitter_cfg.c **** *   void
 120:Generated_Source\PSoC4/cyfitter_cfg.c **** *
 121:Generated_Source\PSoC4/cyfitter_cfg.c **** *******************************************************************************/
 122:Generated_Source\PSoC4/cyfitter_cfg.c **** CY_CFG_UNUSED
 123:Generated_Source\PSoC4/cyfitter_cfg.c **** static void CyClockStartupError(uint8 errorCode);
 124:Generated_Source\PSoC4/cyfitter_cfg.c **** CY_CFG_UNUSED
 125:Generated_Source\PSoC4/cyfitter_cfg.c **** static void CyClockStartupError(uint8 errorCode)
 126:Generated_Source\PSoC4/cyfitter_cfg.c **** {
 127:Generated_Source\PSoC4/cyfitter_cfg.c ****     /* To remove the compiler warning if errorCode not used. */
 128:Generated_Source\PSoC4/cyfitter_cfg.c **** #if defined(CY_PSOC3) && (CY_PSOC3)
 129:Generated_Source\PSoC4/cyfitter_cfg.c ****     errorCode = errorCode;
 130:Generated_Source\PSoC4/cyfitter_cfg.c **** #else
 131:Generated_Source\PSoC4/cyfitter_cfg.c ****     (void)errorCode;
 132:Generated_Source\PSoC4/cyfitter_cfg.c **** #endif /* CY_PSOC3 */
 133:Generated_Source\PSoC4/cyfitter_cfg.c **** 
 134:Generated_Source\PSoC4/cyfitter_cfg.c ****     /* If we have a clock startup error (bad MHz crystal, PLL lock, etc.),  */
 135:Generated_Source\PSoC4/cyfitter_cfg.c ****     /* we will end up here to allow the customer to implement something to  */
 136:Generated_Source\PSoC4/cyfitter_cfg.c ****     /* deal with the clock condition.                                       */
 137:Generated_Source\PSoC4/cyfitter_cfg.c **** 
 138:Generated_Source\PSoC4/cyfitter_cfg.c **** #ifdef CY_CFG_CLOCK_STARTUP_ERROR_CALLBACK
 139:Generated_Source\PSoC4/cyfitter_cfg.c ****     CY_CFG_Clock_Startup_ErrorCallback();
 140:Generated_Source\PSoC4/cyfitter_cfg.c **** #else
 141:Generated_Source\PSoC4/cyfitter_cfg.c ****     /*  If not using CY_CFG_CLOCK_STARTUP_ERROR_CALLBACK, place your clock startup code here. */
 142:Generated_Source\PSoC4/cyfitter_cfg.c ****     /* `#START CyClockStartupError` */
 143:Generated_Source\PSoC4/cyfitter_cfg.c **** 
 144:Generated_Source\PSoC4/cyfitter_cfg.c **** 
 145:Generated_Source\PSoC4/cyfitter_cfg.c **** 
 146:Generated_Source\PSoC4/cyfitter_cfg.c ****     /* `#END` */
 147:Generated_Source\PSoC4/cyfitter_cfg.c **** 
 148:Generated_Source\PSoC4/cyfitter_cfg.c ****     while(1) {}
 149:Generated_Source\PSoC4/cyfitter_cfg.c **** #endif /* CY_CFG_CLOCK_STARTUP_ERROR_CALLBACK */
ARM GAS  C:\Users\megan\AppData\Local\Temp\cc2EjG34.s 			page 6


 150:Generated_Source\PSoC4/cyfitter_cfg.c **** }
 151:Generated_Source\PSoC4/cyfitter_cfg.c **** #endif
 152:Generated_Source\PSoC4/cyfitter_cfg.c **** 
 153:Generated_Source\PSoC4/cyfitter_cfg.c **** 
 154:Generated_Source\PSoC4/cyfitter_cfg.c **** 
 155:Generated_Source\PSoC4/cyfitter_cfg.c **** /*******************************************************************************
 156:Generated_Source\PSoC4/cyfitter_cfg.c **** * Function Name: ClockSetup
 157:Generated_Source\PSoC4/cyfitter_cfg.c **** ********************************************************************************
 158:Generated_Source\PSoC4/cyfitter_cfg.c **** *
 159:Generated_Source\PSoC4/cyfitter_cfg.c **** * Summary:
 160:Generated_Source\PSoC4/cyfitter_cfg.c **** *   Performs the initialization of all of the clocks in the device based on the
 161:Generated_Source\PSoC4/cyfitter_cfg.c **** *   settings in the Clock tab of the DWR.  This includes enabling the requested
 162:Generated_Source\PSoC4/cyfitter_cfg.c **** *   clocks and setting the necessary dividers to produce the desired frequency. 
 163:Generated_Source\PSoC4/cyfitter_cfg.c **** *
 164:Generated_Source\PSoC4/cyfitter_cfg.c **** * Parameters:
 165:Generated_Source\PSoC4/cyfitter_cfg.c **** *   void
 166:Generated_Source\PSoC4/cyfitter_cfg.c **** *
 167:Generated_Source\PSoC4/cyfitter_cfg.c **** * Return:
 168:Generated_Source\PSoC4/cyfitter_cfg.c **** *   void
 169:Generated_Source\PSoC4/cyfitter_cfg.c **** *
 170:Generated_Source\PSoC4/cyfitter_cfg.c **** *******************************************************************************/
 171:Generated_Source\PSoC4/cyfitter_cfg.c **** static void ClockSetup(void);
 172:Generated_Source\PSoC4/cyfitter_cfg.c **** CY_CFG_SECTION
 173:Generated_Source\PSoC4/cyfitter_cfg.c **** static void ClockSetup(void)
 174:Generated_Source\PSoC4/cyfitter_cfg.c **** {
 137              		.loc 1 174 0
 138              		.cfi_startproc
 139              		@ args = 0, pretend = 0, frame = 0
 140              		@ frame_needed = 1, uses_anonymous_args = 0
 141 0000 80B5     		push	{r7, lr}
 142              		.cfi_def_cfa_offset 8
 143              		.cfi_offset 7, -8
 144              		.cfi_offset 14, -4
 145 0002 00AF     		add	r7, sp, #0
 146              		.cfi_def_cfa_register 7
 175:Generated_Source\PSoC4/cyfitter_cfg.c **** 
 176:Generated_Source\PSoC4/cyfitter_cfg.c **** 	/* Set Flash Cycles based on max possible frequency in case a glitch occurs during ClockSetup(). *
 177:Generated_Source\PSoC4/cyfitter_cfg.c **** 	CY_SET_REG32((void CYXDATA *)(CYREG_CPUSS_FLASH_CTL), (0x0012u));
 147              		.loc 1 177 0
 148 0004 284B     		ldr	r3, .L5
 149 0006 1222     		movs	r2, #18
 150 0008 1A60     		str	r2, [r3]
 178:Generated_Source\PSoC4/cyfitter_cfg.c **** 
 179:Generated_Source\PSoC4/cyfitter_cfg.c **** 	/* Start the WCO */
 180:Generated_Source\PSoC4/cyfitter_cfg.c **** 	CySysClkWcoStart();
 151              		.loc 1 180 0
 152 000a FFF7FEFF 		bl	CySysClkWcoStart
 181:Generated_Source\PSoC4/cyfitter_cfg.c **** 	CyDelayCycles(12000000u); /* WCO may take up to 500ms to start */
 153              		.loc 1 181 0
 154 000e 274B     		ldr	r3, .L5+4
 155 0010 1800     		movs	r0, r3
 156 0012 FFF7FEFF 		bl	CyDelayCycles
 182:Generated_Source\PSoC4/cyfitter_cfg.c **** 	(void)CySysClkWcoSetPowerMode(CY_SYS_CLK_WCO_LPM);    /* Switch to the low power mode */
 157              		.loc 1 182 0
 158 0016 0120     		movs	r0, #1
 159 0018 FFF7FEFF 		bl	CySysClkWcoSetPowerMode
 183:Generated_Source\PSoC4/cyfitter_cfg.c **** 
ARM GAS  C:\Users\megan\AppData\Local\Temp\cc2EjG34.s 			page 7


 184:Generated_Source\PSoC4/cyfitter_cfg.c **** 	/* Setup and trim IMO based on desired frequency. */
 185:Generated_Source\PSoC4/cyfitter_cfg.c **** 	CySysClkWriteImoFreq(48u);
 160              		.loc 1 185 0
 161 001c 3020     		movs	r0, #48
 162 001e FFF7FEFF 		bl	CySysClkWriteImoFreq
 186:Generated_Source\PSoC4/cyfitter_cfg.c **** 	/* CYDEV_CLK_ILO_CONFIG Starting address: CYDEV_CLK_ILO_CONFIG */
 187:Generated_Source\PSoC4/cyfitter_cfg.c **** 	CY_SET_REG32((void *)(CYREG_CLK_ILO_CONFIG), 0x80000006u);
 163              		.loc 1 187 0
 164 0022 234B     		ldr	r3, .L5+8
 165 0024 234A     		ldr	r2, .L5+12
 166 0026 1A60     		str	r2, [r3]
 188:Generated_Source\PSoC4/cyfitter_cfg.c **** 
 189:Generated_Source\PSoC4/cyfitter_cfg.c **** 	/* CYDEV_WDT_CONFIG Starting address: CYDEV_WDT_CONFIG */
 190:Generated_Source\PSoC4/cyfitter_cfg.c **** 	CY_SET_REG32((void *)(CYREG_WDT_CONFIG), 0x40000000u);
 167              		.loc 1 190 0
 168 0028 234B     		ldr	r3, .L5+16
 169 002a 8022     		movs	r2, #128
 170 002c D205     		lsls	r2, r2, #23
 171 002e 1A60     		str	r2, [r3]
 191:Generated_Source\PSoC4/cyfitter_cfg.c **** 
 192:Generated_Source\PSoC4/cyfitter_cfg.c **** 
 193:Generated_Source\PSoC4/cyfitter_cfg.c **** 	/* Enable fast start mode for XO */
 194:Generated_Source\PSoC4/cyfitter_cfg.c **** 	CY_SET_REG32((void*)CYREG_BLE_BLERD_BB_XO, CY_GET_REG32((void*)CYREG_BLE_BLERD_BB_XO) | (uint32)0x
 172              		.loc 1 194 0
 173 0030 224B     		ldr	r3, .L5+20
 174 0032 224A     		ldr	r2, .L5+20
 175 0034 1268     		ldr	r2, [r2]
 176 0036 0221     		movs	r1, #2
 177 0038 0A43     		orrs	r2, r1
 178 003a 1A60     		str	r2, [r3]
 195:Generated_Source\PSoC4/cyfitter_cfg.c **** 	CY_SET_REG32((void *)(CYREG_BLE_BLERD_BB_XO_CAPTRIM), 0x0000D0D0u);
 179              		.loc 1 195 0
 180 003c 204B     		ldr	r3, .L5+24
 181 003e 214A     		ldr	r2, .L5+28
 182 0040 1A60     		str	r2, [r3]
 196:Generated_Source\PSoC4/cyfitter_cfg.c **** 	/*Set XTAL(ECO) divider*/
 197:Generated_Source\PSoC4/cyfitter_cfg.c **** 	CY_SET_REG32((void *)(CYREG_BLE_BLESS_XTAL_CLK_DIV_CONFIG), 0x00000000u);
 183              		.loc 1 197 0
 184 0042 214B     		ldr	r3, .L5+32
 185 0044 0022     		movs	r2, #0
 186 0046 1A60     		str	r2, [r3]
 198:Generated_Source\PSoC4/cyfitter_cfg.c **** 	/* Disable Crystal Stable Interrupt before enabling ECO */
 199:Generated_Source\PSoC4/cyfitter_cfg.c **** 	CY_SET_REG32((void*)CYREG_BLE_BLESS_LL_DSM_CTRL, CY_GET_REG32((void*)CYREG_BLE_BLESS_LL_DSM_CTRL) 
 187              		.loc 1 199 0
 188 0048 204B     		ldr	r3, .L5+36
 189 004a 204A     		ldr	r2, .L5+36
 190 004c 1268     		ldr	r2, [r2]
 191 004e 0821     		movs	r1, #8
 192 0050 8A43     		bics	r2, r1
 193 0052 1A60     		str	r2, [r3]
 200:Generated_Source\PSoC4/cyfitter_cfg.c **** 	/* Start the ECO and do not check status since it is not needed for HFCLK */
 201:Generated_Source\PSoC4/cyfitter_cfg.c **** 	(void)CySysClkEcoStart(2000u);
 194              		.loc 1 201 0
 195 0054 FA23     		movs	r3, #250
 196 0056 DB00     		lsls	r3, r3, #3
 197 0058 1800     		movs	r0, r3
 198 005a FFF7FEFF 		bl	CySysClkEcoStart
ARM GAS  C:\Users\megan\AppData\Local\Temp\cc2EjG34.s 			page 8


 202:Generated_Source\PSoC4/cyfitter_cfg.c **** 	CyDelayUs(1500u); /* Wait to stabilize */
 199              		.loc 1 202 0
 200 005e 1C4B     		ldr	r3, .L5+40
 201 0060 1800     		movs	r0, r3
 202 0062 FFF7FEFF 		bl	CyDelayUs
 203:Generated_Source\PSoC4/cyfitter_cfg.c **** 
 204:Generated_Source\PSoC4/cyfitter_cfg.c **** 	/* Setup phase aligned clocks */
 205:Generated_Source\PSoC4/cyfitter_cfg.c **** 	CY_SET_REG32((void *)CYREG_PERI_DIV_16_CTL0, 0x0005DB00u);
 203              		.loc 1 205 0
 204 0066 1B4B     		ldr	r3, .L5+44
 205 0068 1B4A     		ldr	r2, .L5+48
 206 006a 1A60     		str	r2, [r3]
 206:Generated_Source\PSoC4/cyfitter_cfg.c **** 	CY_SET_REG32((void *)CYREG_PERI_DIV_CMD, 0x8000FF40u);
 207              		.loc 1 206 0
 208 006c 1B4B     		ldr	r3, .L5+52
 209 006e 1C4A     		ldr	r2, .L5+56
 210 0070 1A60     		str	r2, [r3]
 207:Generated_Source\PSoC4/cyfitter_cfg.c **** 
 208:Generated_Source\PSoC4/cyfitter_cfg.c **** 	/* CYDEV_CLK_IMO_CONFIG Starting address: CYDEV_CLK_IMO_CONFIG */
 209:Generated_Source\PSoC4/cyfitter_cfg.c **** 	CY_SET_REG32((void *)(CYREG_CLK_IMO_CONFIG), 0x80000000u);
 211              		.loc 1 209 0
 212 0072 1C4B     		ldr	r3, .L5+60
 213 0074 8022     		movs	r2, #128
 214 0076 1206     		lsls	r2, r2, #24
 215 0078 1A60     		str	r2, [r3]
 210:Generated_Source\PSoC4/cyfitter_cfg.c **** 
 211:Generated_Source\PSoC4/cyfitter_cfg.c **** 	/* CYDEV_CLK_SELECT Starting address: CYDEV_CLK_SELECT */
 212:Generated_Source\PSoC4/cyfitter_cfg.c **** 	CY_SET_REG32((void *)(CYREG_CLK_SELECT), 0x00040000u);
 216              		.loc 1 212 0
 217 007a 1B4B     		ldr	r3, .L5+64
 218 007c 8022     		movs	r2, #128
 219 007e D202     		lsls	r2, r2, #11
 220 0080 1A60     		str	r2, [r3]
 213:Generated_Source\PSoC4/cyfitter_cfg.c **** 
 214:Generated_Source\PSoC4/cyfitter_cfg.c **** 	/* CYDEV_PERI_PCLK_CTL7 Starting address: CYDEV_PERI_PCLK_CTL7 */
 215:Generated_Source\PSoC4/cyfitter_cfg.c **** 	CY_SET_REG32((void *)(CYREG_PERI_PCLK_CTL7), 0x00000040u);
 221              		.loc 1 215 0
 222 0082 1A4B     		ldr	r3, .L5+68
 223 0084 4022     		movs	r2, #64
 224 0086 1A60     		str	r2, [r3]
 216:Generated_Source\PSoC4/cyfitter_cfg.c **** 
 217:Generated_Source\PSoC4/cyfitter_cfg.c **** 	(void)CyIntSetVector(8u, &CySysWdtIsr);
 225              		.loc 1 217 0
 226 0088 194B     		ldr	r3, .L5+72
 227 008a 1900     		movs	r1, r3
 228 008c 0820     		movs	r0, #8
 229 008e FFF7FEFF 		bl	CyIntSetVector
 218:Generated_Source\PSoC4/cyfitter_cfg.c **** 	CyIntEnable(8u);
 230              		.loc 1 218 0
 231 0092 0820     		movs	r0, #8
 232 0094 FFF7FEFF 		bl	CyIntEnable
 219:Generated_Source\PSoC4/cyfitter_cfg.c **** 	CY_SET_REG32((void *)(CYREG_WDT_CONFIG), 0x40000000u);
 233              		.loc 1 219 0
 234 0098 074B     		ldr	r3, .L5+16
 235 009a 8022     		movs	r2, #128
 236 009c D205     		lsls	r2, r2, #23
 237 009e 1A60     		str	r2, [r3]
ARM GAS  C:\Users\megan\AppData\Local\Temp\cc2EjG34.s 			page 9


 220:Generated_Source\PSoC4/cyfitter_cfg.c **** }
 238              		.loc 1 220 0
 239 00a0 C046     		nop
 240 00a2 BD46     		mov	sp, r7
 241              		@ sp needed
 242 00a4 80BD     		pop	{r7, pc}
 243              	.L6:
 244 00a6 C046     		.align	2
 245              	.L5:
 246 00a8 30001040 		.word	1074790448
 247 00ac 001BB700 		.word	12000000
 248 00b0 04010B40 		.word	1074462980
 249 00b4 06000080 		.word	-2147483642
 250 00b8 0C020B40 		.word	1074463244
 251 00bc 78002E40 		.word	1076756600
 252 00c0 7C002E40 		.word	1076756604
 253 00c4 D0D00000 		.word	53456
 254 00c8 64F02E40 		.word	1076818020
 255 00cc 6CF02E40 		.word	1076818028
 256 00d0 DC050000 		.word	1500
 257 00d4 00030140 		.word	1073808128
 258 00d8 00DB0500 		.word	383744
 259 00dc 00000140 		.word	1073807360
 260 00e0 40FF0080 		.word	-2147418304
 261 00e4 08010B40 		.word	1074462984
 262 00e8 00010B40 		.word	1074462976
 263 00ec 1C010140 		.word	1073807644
 264 00f0 00000000 		.word	CySysWdtIsr
 265              		.cfi_endproc
 266              	.LFE5:
 267              		.size	ClockSetup, .-ClockSetup
 268              		.section	.text.AnalogSetDefault,"ax",%progbits
 269              		.align	2
 270              		.code	16
 271              		.thumb_func
 272              		.type	AnalogSetDefault, %function
 273              	AnalogSetDefault:
 274              	.LFB6:
 221:Generated_Source\PSoC4/cyfitter_cfg.c **** 
 222:Generated_Source\PSoC4/cyfitter_cfg.c **** 
 223:Generated_Source\PSoC4/cyfitter_cfg.c **** /* Analog API Functions */
 224:Generated_Source\PSoC4/cyfitter_cfg.c **** 
 225:Generated_Source\PSoC4/cyfitter_cfg.c **** 
 226:Generated_Source\PSoC4/cyfitter_cfg.c **** /*******************************************************************************
 227:Generated_Source\PSoC4/cyfitter_cfg.c **** * Function Name: AnalogSetDefault
 228:Generated_Source\PSoC4/cyfitter_cfg.c **** ********************************************************************************
 229:Generated_Source\PSoC4/cyfitter_cfg.c **** *
 230:Generated_Source\PSoC4/cyfitter_cfg.c **** * Summary:
 231:Generated_Source\PSoC4/cyfitter_cfg.c **** *  Sets up the analog portions of the chip to default values based on chip
 232:Generated_Source\PSoC4/cyfitter_cfg.c **** *  configuration options from the project.
 233:Generated_Source\PSoC4/cyfitter_cfg.c **** *
 234:Generated_Source\PSoC4/cyfitter_cfg.c **** * Parameters:
 235:Generated_Source\PSoC4/cyfitter_cfg.c **** *  void
 236:Generated_Source\PSoC4/cyfitter_cfg.c **** *
 237:Generated_Source\PSoC4/cyfitter_cfg.c **** * Return:
 238:Generated_Source\PSoC4/cyfitter_cfg.c **** *  void
 239:Generated_Source\PSoC4/cyfitter_cfg.c **** *
ARM GAS  C:\Users\megan\AppData\Local\Temp\cc2EjG34.s 			page 10


 240:Generated_Source\PSoC4/cyfitter_cfg.c **** *******************************************************************************/
 241:Generated_Source\PSoC4/cyfitter_cfg.c **** static void AnalogSetDefault(void);
 242:Generated_Source\PSoC4/cyfitter_cfg.c **** static void AnalogSetDefault(void)
 243:Generated_Source\PSoC4/cyfitter_cfg.c **** {
 275              		.loc 1 243 0
 276              		.cfi_startproc
 277              		@ args = 0, pretend = 0, frame = 0
 278              		@ frame_needed = 1, uses_anonymous_args = 0
 279 0000 80B5     		push	{r7, lr}
 280              		.cfi_def_cfa_offset 8
 281              		.cfi_offset 7, -8
 282              		.cfi_offset 14, -4
 283 0002 00AF     		add	r7, sp, #0
 284              		.cfi_def_cfa_register 7
 244:Generated_Source\PSoC4/cyfitter_cfg.c **** 	CY_SET_XTND_REG32((void CYFAR *)CYREG_CTBM0_DFT_CTRL, 0x00000003u);
 285              		.loc 1 244 0
 286 0004 054B     		ldr	r3, .L8
 287 0006 0322     		movs	r2, #3
 288 0008 1A60     		str	r2, [r3]
 245:Generated_Source\PSoC4/cyfitter_cfg.c **** 	CY_SET_XTND_REG32((void CYFAR *)CYREG_CTBM1_DFT_CTRL, 0x00000003u);
 289              		.loc 1 245 0
 290 000a 054B     		ldr	r3, .L8+4
 291 000c 0322     		movs	r2, #3
 292 000e 1A60     		str	r2, [r3]
 246:Generated_Source\PSoC4/cyfitter_cfg.c **** 	CY_SET_XTND_REG32((void CYFAR *)CYREG_PASS_DSAB_DSAB_CTRL, 0x00000000u);
 293              		.loc 1 246 0
 294 0010 044B     		ldr	r3, .L8+8
 295 0012 0022     		movs	r2, #0
 296 0014 1A60     		str	r2, [r3]
 247:Generated_Source\PSoC4/cyfitter_cfg.c **** }
 297              		.loc 1 247 0
 298 0016 C046     		nop
 299 0018 BD46     		mov	sp, r7
 300              		@ sp needed
 301 001a 80BD     		pop	{r7, pc}
 302              	.L9:
 303              		.align	2
 304              	.L8:
 305 001c 30003040 		.word	1076887600
 306 0020 30003140 		.word	1076953136
 307 0024 000E3F40 		.word	1077874176
 308              		.cfi_endproc
 309              	.LFE6:
 310              		.size	AnalogSetDefault, .-AnalogSetDefault
 311              		.section	.psocinit
 312              		.align	2
 313              		.global	cyfitter_cfg
 314              		.code	16
 315              		.thumb_func
 316              		.type	cyfitter_cfg, %function
 317              	cyfitter_cfg:
 318              	.LFB7:
 248:Generated_Source\PSoC4/cyfitter_cfg.c **** 
 249:Generated_Source\PSoC4/cyfitter_cfg.c **** 
 250:Generated_Source\PSoC4/cyfitter_cfg.c **** 
 251:Generated_Source\PSoC4/cyfitter_cfg.c **** 
 252:Generated_Source\PSoC4/cyfitter_cfg.c **** /*******************************************************************************
ARM GAS  C:\Users\megan\AppData\Local\Temp\cc2EjG34.s 			page 11


 253:Generated_Source\PSoC4/cyfitter_cfg.c **** * Function Name: cyfitter_cfg
 254:Generated_Source\PSoC4/cyfitter_cfg.c **** ********************************************************************************
 255:Generated_Source\PSoC4/cyfitter_cfg.c **** * Summary:
 256:Generated_Source\PSoC4/cyfitter_cfg.c **** *  This function is called by the start-up code for the selected device. It
 257:Generated_Source\PSoC4/cyfitter_cfg.c **** *  performs all of the necessary device configuration based on the design
 258:Generated_Source\PSoC4/cyfitter_cfg.c **** *  settings.  This includes settings from the Design Wide Resources (DWR) such
 259:Generated_Source\PSoC4/cyfitter_cfg.c **** *  as Clocks and Pins as well as any component configuration that is necessary.
 260:Generated_Source\PSoC4/cyfitter_cfg.c **** *
 261:Generated_Source\PSoC4/cyfitter_cfg.c **** * Parameters:
 262:Generated_Source\PSoC4/cyfitter_cfg.c **** *   void
 263:Generated_Source\PSoC4/cyfitter_cfg.c **** *
 264:Generated_Source\PSoC4/cyfitter_cfg.c **** * Return:
 265:Generated_Source\PSoC4/cyfitter_cfg.c **** *   void
 266:Generated_Source\PSoC4/cyfitter_cfg.c **** *
 267:Generated_Source\PSoC4/cyfitter_cfg.c **** *******************************************************************************/
 268:Generated_Source\PSoC4/cyfitter_cfg.c **** CY_CFG_SECTION
 269:Generated_Source\PSoC4/cyfitter_cfg.c **** void cyfitter_cfg(void)
 270:Generated_Source\PSoC4/cyfitter_cfg.c **** {
 319              		.loc 1 270 0
 320              		.cfi_startproc
 321              		@ args = 0, pretend = 0, frame = 8
 322              		@ frame_needed = 1, uses_anonymous_args = 0
 323 00f4 80B5     		push	{r7, lr}
 324              		.cfi_def_cfa_offset 8
 325              		.cfi_offset 7, -8
 326              		.cfi_offset 14, -4
 327 00f6 82B0     		sub	sp, sp, #8
 328              		.cfi_def_cfa_offset 16
 329 00f8 00AF     		add	r7, sp, #0
 330              		.cfi_def_cfa_register 7
 271:Generated_Source\PSoC4/cyfitter_cfg.c **** 	/* Disable interrupts by default. Let user enable if/when they want. */
 272:Generated_Source\PSoC4/cyfitter_cfg.c **** 	CyGlobalIntDisable;
 331              		.loc 1 272 0
 332              		.syntax divided
 333              	@ 272 "Generated_Source\PSoC4\cyfitter_cfg.c" 1
 334 00fa 72B6     		CPSID   i
 335              	@ 0 "" 2
 273:Generated_Source\PSoC4/cyfitter_cfg.c **** 
 274:Generated_Source\PSoC4/cyfitter_cfg.c **** 	CY_SET_REG32((void *)(CYREG_BLE_BLESS_LL_DSM_CTRL), 0x00000000u);
 336              		.loc 1 274 0
 337              		.thumb
 338              		.syntax unified
 339 00fc 2A4B     		ldr	r3, .L13
 340 00fe 0022     		movs	r2, #0
 341 0100 1A60     		str	r2, [r3]
 342              	.LBB2:
 275:Generated_Source\PSoC4/cyfitter_cfg.c **** 
 276:Generated_Source\PSoC4/cyfitter_cfg.c **** 	{
 277:Generated_Source\PSoC4/cyfitter_cfg.c **** 
 278:Generated_Source\PSoC4/cyfitter_cfg.c **** 		CYPACKED typedef struct {
 279:Generated_Source\PSoC4/cyfitter_cfg.c **** 			void CYFAR *address;
 280:Generated_Source\PSoC4/cyfitter_cfg.c **** 			uint16 size;
 281:Generated_Source\PSoC4/cyfitter_cfg.c **** 		} CYPACKED_ATTR cfg_memset_t;
 282:Generated_Source\PSoC4/cyfitter_cfg.c **** 
 283:Generated_Source\PSoC4/cyfitter_cfg.c **** 		static const cfg_memset_t CYCODE cfg_memset_list[] = {
 284:Generated_Source\PSoC4/cyfitter_cfg.c **** 			/* address, size */
 285:Generated_Source\PSoC4/cyfitter_cfg.c **** 			{(void CYFAR *)(CYDEV_UDB_P0_U0_BASE), 1024u},
ARM GAS  C:\Users\megan\AppData\Local\Temp\cc2EjG34.s 			page 12


 286:Generated_Source\PSoC4/cyfitter_cfg.c **** 			{(void CYFAR *)(CYDEV_UDB_DSI0_BASE), 1024u},
 287:Generated_Source\PSoC4/cyfitter_cfg.c **** 		};
 288:Generated_Source\PSoC4/cyfitter_cfg.c **** 
 289:Generated_Source\PSoC4/cyfitter_cfg.c **** 		uint8 CYDATA i;
 290:Generated_Source\PSoC4/cyfitter_cfg.c **** 
 291:Generated_Source\PSoC4/cyfitter_cfg.c **** 		/* Zero out critical memory blocks before beginning configuration */
 292:Generated_Source\PSoC4/cyfitter_cfg.c **** 		for (i = 0u; i < (sizeof(cfg_memset_list)/sizeof(cfg_memset_list[0])); i++)
 343              		.loc 1 292 0
 344 0102 FB1D     		adds	r3, r7, #7
 345 0104 0022     		movs	r2, #0
 346 0106 1A70     		strb	r2, [r3]
 347 0108 22E0     		b	.L11
 348              	.L12:
 349              	.LBB3:
 293:Generated_Source\PSoC4/cyfitter_cfg.c **** 		{
 294:Generated_Source\PSoC4/cyfitter_cfg.c **** 			const cfg_memset_t CYCODE * CYDATA ms = &cfg_memset_list[i];
 350              		.loc 1 294 0 discriminator 3
 351 010a FB1D     		adds	r3, r7, #7
 352 010c 1A78     		ldrb	r2, [r3]
 353 010e 1300     		movs	r3, r2
 354 0110 5B00     		lsls	r3, r3, #1
 355 0112 9B18     		adds	r3, r3, r2
 356 0114 5B00     		lsls	r3, r3, #1
 357 0116 254A     		ldr	r2, .L13+4
 358 0118 9B18     		adds	r3, r3, r2
 359 011a 3B60     		str	r3, [r7]
 295:Generated_Source\PSoC4/cyfitter_cfg.c **** 			CYMEMZERO(ms->address, (size_t)(uint32)(ms->size));
 360              		.loc 1 295 0 discriminator 3
 361 011c 3B68     		ldr	r3, [r7]
 362 011e 1A78     		ldrb	r2, [r3]
 363 0120 5978     		ldrb	r1, [r3, #1]
 364 0122 0902     		lsls	r1, r1, #8
 365 0124 0A43     		orrs	r2, r1
 366 0126 9978     		ldrb	r1, [r3, #2]
 367 0128 0904     		lsls	r1, r1, #16
 368 012a 0A43     		orrs	r2, r1
 369 012c DB78     		ldrb	r3, [r3, #3]
 370 012e 1B06     		lsls	r3, r3, #24
 371 0130 1343     		orrs	r3, r2
 372 0132 1800     		movs	r0, r3
 373 0134 3B68     		ldr	r3, [r7]
 374 0136 1A79     		ldrb	r2, [r3, #4]
 375 0138 5B79     		ldrb	r3, [r3, #5]
 376 013a 1B02     		lsls	r3, r3, #8
 377 013c 1343     		orrs	r3, r2
 378 013e 9BB2     		uxth	r3, r3
 379 0140 1900     		movs	r1, r3
 380 0142 FFF7FEFF 		bl	CYMEMZERO
 381              	.LBE3:
 292:Generated_Source\PSoC4/cyfitter_cfg.c **** 		{
 382              		.loc 1 292 0 discriminator 3
 383 0146 FB1D     		adds	r3, r7, #7
 384 0148 1A78     		ldrb	r2, [r3]
 385 014a FB1D     		adds	r3, r7, #7
 386 014c 0132     		adds	r2, r2, #1
 387 014e 1A70     		strb	r2, [r3]
 388              	.L11:
ARM GAS  C:\Users\megan\AppData\Local\Temp\cc2EjG34.s 			page 13


 292:Generated_Source\PSoC4/cyfitter_cfg.c **** 		{
 389              		.loc 1 292 0 is_stmt 0 discriminator 1
 390 0150 FB1D     		adds	r3, r7, #7
 391 0152 1B78     		ldrb	r3, [r3]
 392 0154 012B     		cmp	r3, #1
 393 0156 D8D9     		bls	.L12
 296:Generated_Source\PSoC4/cyfitter_cfg.c **** 		}
 297:Generated_Source\PSoC4/cyfitter_cfg.c **** 
 298:Generated_Source\PSoC4/cyfitter_cfg.c **** 		/* HSIOM Starting address: CYDEV_HSIOM_BASE */
 299:Generated_Source\PSoC4/cyfitter_cfg.c **** 		CY_SET_REG32((void *)(CYDEV_HSIOM_BASE), 0xEE000000u);
 394              		.loc 1 299 0 is_stmt 1
 395 0158 154B     		ldr	r3, .L13+8
 396 015a EE22     		movs	r2, #238
 397 015c 1206     		lsls	r2, r2, #24
 398 015e 1A60     		str	r2, [r3]
 300:Generated_Source\PSoC4/cyfitter_cfg.c **** 
 301:Generated_Source\PSoC4/cyfitter_cfg.c **** 		/* UDB_PA_0 Starting address: CYDEV_UDB_PA0_BASE */
 302:Generated_Source\PSoC4/cyfitter_cfg.c **** 		CY_SET_REG32((void *)(CYDEV_UDB_PA0_BASE), 0x00990000u);
 399              		.loc 1 302 0
 400 0160 144B     		ldr	r3, .L13+12
 401 0162 9922     		movs	r2, #153
 402 0164 1204     		lsls	r2, r2, #16
 403 0166 1A60     		str	r2, [r3]
 303:Generated_Source\PSoC4/cyfitter_cfg.c **** 
 304:Generated_Source\PSoC4/cyfitter_cfg.c **** 		/* UDB_PA_2 Starting address: CYDEV_UDB_PA2_BASE */
 305:Generated_Source\PSoC4/cyfitter_cfg.c **** 		CY_SET_REG32((void *)(CYDEV_UDB_PA2_BASE), 0x00990000u);
 404              		.loc 1 305 0
 405 0168 134B     		ldr	r3, .L13+16
 406 016a 9922     		movs	r2, #153
 407 016c 1204     		lsls	r2, r2, #16
 408 016e 1A60     		str	r2, [r3]
 306:Generated_Source\PSoC4/cyfitter_cfg.c **** 
 307:Generated_Source\PSoC4/cyfitter_cfg.c **** 		/* Enable digital routing */
 308:Generated_Source\PSoC4/cyfitter_cfg.c **** 		CY_SET_XTND_REG8((void *)CYREG_UDB_UDBIF_BANK_CTL, (uint8)(CY_GET_XTND_REG8((void *)CYREG_UDB_UDB
 409              		.loc 1 308 0
 410 0170 124A     		ldr	r2, .L13+20
 411 0172 124B     		ldr	r3, .L13+20
 412 0174 1B78     		ldrb	r3, [r3]
 413 0176 DBB2     		uxtb	r3, r3
 414 0178 0621     		movs	r1, #6
 415 017a 0B43     		orrs	r3, r1
 416 017c DBB2     		uxtb	r3, r3
 417 017e 1370     		strb	r3, [r2]
 418              	.LBE2:
 309:Generated_Source\PSoC4/cyfitter_cfg.c **** 	}
 310:Generated_Source\PSoC4/cyfitter_cfg.c **** 
 311:Generated_Source\PSoC4/cyfitter_cfg.c **** 	/* Perform second pass device configuration. These items must be configured in specific order afte
 312:Generated_Source\PSoC4/cyfitter_cfg.c **** 	/* IOPINS0_0 Starting address: CYDEV_GPIO_PRT0_BASE */
 313:Generated_Source\PSoC4/cyfitter_cfg.c **** 	CY_SET_REG32((void *)(CYREG_GPIO_PRT0_PC), 0x00D80000u);
 419              		.loc 1 313 0
 420 0180 0F4B     		ldr	r3, .L13+24
 421 0182 D822     		movs	r2, #216
 422 0184 1204     		lsls	r2, r2, #16
 423 0186 1A60     		str	r2, [r3]
 314:Generated_Source\PSoC4/cyfitter_cfg.c **** 
 315:Generated_Source\PSoC4/cyfitter_cfg.c **** 	/* IOPINS0_2 Starting address: CYDEV_GPIO_PRT2_BASE */
 316:Generated_Source\PSoC4/cyfitter_cfg.c **** 	CY_SET_REG32((void *)(CYDEV_GPIO_PRT2_BASE), 0x0000000Cu);
ARM GAS  C:\Users\megan\AppData\Local\Temp\cc2EjG34.s 			page 14


 424              		.loc 1 316 0
 425 0188 0E4B     		ldr	r3, .L13+28
 426 018a 0C22     		movs	r2, #12
 427 018c 1A60     		str	r2, [r3]
 317:Generated_Source\PSoC4/cyfitter_cfg.c **** 	CY_SET_REG32((void *)(CYREG_GPIO_PRT2_PC), 0x00000880u);
 428              		.loc 1 317 0
 429 018e 0E4B     		ldr	r3, .L13+32
 430 0190 8822     		movs	r2, #136
 431 0192 1201     		lsls	r2, r2, #4
 432 0194 1A60     		str	r2, [r3]
 318:Generated_Source\PSoC4/cyfitter_cfg.c **** 
 319:Generated_Source\PSoC4/cyfitter_cfg.c **** 
 320:Generated_Source\PSoC4/cyfitter_cfg.c **** 	/* Setup clocks based on selections from Clock DWR */
 321:Generated_Source\PSoC4/cyfitter_cfg.c **** 	ClockSetup();
 433              		.loc 1 321 0
 434 0196 FFF733FF 		bl	ClockSetup
 322:Generated_Source\PSoC4/cyfitter_cfg.c **** 
 323:Generated_Source\PSoC4/cyfitter_cfg.c **** 	/* Perform basic analog initialization to defaults */
 324:Generated_Source\PSoC4/cyfitter_cfg.c **** 	AnalogSetDefault();
 435              		.loc 1 324 0
 436 019a FFF7FEFF 		bl	AnalogSetDefault
 325:Generated_Source\PSoC4/cyfitter_cfg.c **** 
 326:Generated_Source\PSoC4/cyfitter_cfg.c **** }
 437              		.loc 1 326 0
 438 019e C046     		nop
 439 01a0 BD46     		mov	sp, r7
 440 01a2 02B0     		add	sp, sp, #8
 441              		@ sp needed
 442 01a4 80BD     		pop	{r7, pc}
 443              	.L14:
 444 01a6 C046     		.align	2
 445              	.L13:
 446 01a8 6CF02E40 		.word	1076818028
 447 01ac 00000000 		.word	cfg_memset_list.4893
 448 01b0 00000240 		.word	1073872896
 449 01b4 00500F40 		.word	1074745344
 450 01b8 20500F40 		.word	1074745376
 451 01bc 00700F40 		.word	1074753536
 452 01c0 08000440 		.word	1074003976
 453 01c4 00020440 		.word	1074004480
 454 01c8 08020440 		.word	1074004488
 455              		.cfi_endproc
 456              	.LFE7:
 457              		.size	cyfitter_cfg, .-cyfitter_cfg
 458              		.section	.rodata
 459              		.align	2
 460              		.type	cfg_memset_list.4893, %object
 461              		.size	cfg_memset_list.4893, 12
 462              	cfg_memset_list.4893:
 463 0000 00300F40 		.word	1074737152
 464 0004 0004     		.short	1024
 465 0006 00400F40 		.4byte	1074741248
 466 000a 0004     		.short	1024
 467              		.text
 468              	.Letext0:
 469              		.file 2 "c:\\program files (x86)\\cypress\\psoc creator\\4.1\\psoc creator\\import\\gnu\\arm\\5.4.
 470              		.file 3 "Generated_Source\\PSoC4\\cytypes.h"
ARM GAS  C:\Users\megan\AppData\Local\Temp\cc2EjG34.s 			page 15


 471              		.section	.debug_info,"",%progbits
 472              	.Ldebug_info0:
 473 0000 55020000 		.4byte	0x255
 474 0004 0400     		.2byte	0x4
 475 0006 00000000 		.4byte	.Ldebug_abbrev0
 476 000a 04       		.byte	0x4
 477 000b 01       		.uleb128 0x1
 478 000c 83000000 		.4byte	.LASF30
 479 0010 0C       		.byte	0xc
 480 0011 7E020000 		.4byte	.LASF31
 481 0015 6D010000 		.4byte	.LASF32
 482 0019 00000000 		.4byte	.Ldebug_ranges0+0
 483 001d 00000000 		.4byte	0
 484 0021 00000000 		.4byte	.Ldebug_line0
 485 0025 02       		.uleb128 0x2
 486 0026 04       		.byte	0x4
 487 0027 05       		.byte	0x5
 488 0028 696E7400 		.ascii	"int\000"
 489 002c 03       		.uleb128 0x3
 490 002d 06000000 		.4byte	.LASF12
 491 0031 02       		.byte	0x2
 492 0032 D8       		.byte	0xd8
 493 0033 37000000 		.4byte	0x37
 494 0037 04       		.uleb128 0x4
 495 0038 04       		.byte	0x4
 496 0039 07       		.byte	0x7
 497 003a 41010000 		.4byte	.LASF0
 498 003e 04       		.uleb128 0x4
 499 003f 08       		.byte	0x8
 500 0040 05       		.byte	0x5
 501 0041 40020000 		.4byte	.LASF1
 502 0045 04       		.uleb128 0x4
 503 0046 08       		.byte	0x8
 504 0047 04       		.byte	0x4
 505 0048 66020000 		.4byte	.LASF2
 506 004c 04       		.uleb128 0x4
 507 004d 01       		.byte	0x1
 508 004e 06       		.byte	0x6
 509 004f 72020000 		.4byte	.LASF3
 510 0053 04       		.uleb128 0x4
 511 0054 01       		.byte	0x1
 512 0055 08       		.byte	0x8
 513 0056 11010000 		.4byte	.LASF4
 514 005a 04       		.uleb128 0x4
 515 005b 02       		.byte	0x2
 516 005c 05       		.byte	0x5
 517 005d 53020000 		.4byte	.LASF5
 518 0061 04       		.uleb128 0x4
 519 0062 02       		.byte	0x2
 520 0063 07       		.byte	0x7
 521 0064 39000000 		.4byte	.LASF6
 522 0068 04       		.uleb128 0x4
 523 0069 04       		.byte	0x4
 524 006a 05       		.byte	0x5
 525 006b 5D020000 		.4byte	.LASF7
 526 006f 04       		.uleb128 0x4
 527 0070 04       		.byte	0x4
ARM GAS  C:\Users\megan\AppData\Local\Temp\cc2EjG34.s 			page 16


 528 0071 07       		.byte	0x7
 529 0072 61000000 		.4byte	.LASF8
 530 0076 04       		.uleb128 0x4
 531 0077 08       		.byte	0x8
 532 0078 07       		.byte	0x7
 533 0079 56010000 		.4byte	.LASF9
 534 007d 04       		.uleb128 0x4
 535 007e 04       		.byte	0x4
 536 007f 07       		.byte	0x7
 537 0080 37020000 		.4byte	.LASF10
 538 0084 05       		.uleb128 0x5
 539 0085 04       		.byte	0x4
 540 0086 04       		.uleb128 0x4
 541 0087 01       		.byte	0x1
 542 0088 08       		.byte	0x8
 543 0089 4E020000 		.4byte	.LASF11
 544 008d 06       		.uleb128 0x6
 545 008e 73000000 		.4byte	.LASF13
 546 0092 03       		.byte	0x3
 547 0093 D201     		.2byte	0x1d2
 548 0095 53000000 		.4byte	0x53
 549 0099 06       		.uleb128 0x6
 550 009a 33010000 		.4byte	.LASF14
 551 009e 03       		.byte	0x3
 552 009f D301     		.2byte	0x1d3
 553 00a1 61000000 		.4byte	0x61
 554 00a5 06       		.uleb128 0x6
 555 00a6 3A010000 		.4byte	.LASF15
 556 00aa 03       		.byte	0x3
 557 00ab D401     		.2byte	0x1d4
 558 00ad 6F000000 		.4byte	0x6f
 559 00b1 04       		.uleb128 0x4
 560 00b2 04       		.byte	0x4
 561 00b3 04       		.byte	0x4
 562 00b4 4C000000 		.4byte	.LASF16
 563 00b8 04       		.uleb128 0x4
 564 00b9 08       		.byte	0x8
 565 00ba 04       		.byte	0x4
 566 00bb 1F010000 		.4byte	.LASF17
 567 00bf 06       		.uleb128 0x6
 568 00c0 5C000000 		.4byte	.LASF18
 569 00c4 03       		.byte	0x3
 570 00c5 7C02     		.2byte	0x27c
 571 00c7 CB000000 		.4byte	0xcb
 572 00cb 07       		.uleb128 0x7
 573 00cc 8D000000 		.4byte	0x8d
 574 00d0 06       		.uleb128 0x6
 575 00d1 00000000 		.4byte	.LASF19
 576 00d5 03       		.byte	0x3
 577 00d6 7E02     		.2byte	0x27e
 578 00d8 DC000000 		.4byte	0xdc
 579 00dc 07       		.uleb128 0x7
 580 00dd A5000000 		.4byte	0xa5
 581 00e1 08       		.uleb128 0x8
 582 00e2 79000000 		.4byte	.LASF20
 583 00e6 01       		.byte	0x1
 584 00e7 4C       		.byte	0x4c
ARM GAS  C:\Users\megan\AppData\Local\Temp\cc2EjG34.s 			page 17


 585 00e8 00000000 		.4byte	.LFB2
 586 00ec 1E000000 		.4byte	.LFE2-.LFB2
 587 00f0 01       		.uleb128 0x1
 588 00f1 9C       		.byte	0x9c
 589 00f2 0F010000 		.4byte	0x10f
 590 00f6 09       		.uleb128 0x9
 591 00f7 7300     		.ascii	"s\000"
 592 00f9 01       		.byte	0x1
 593 00fa 4C       		.byte	0x4c
 594 00fb 84000000 		.4byte	0x84
 595 00ff 02       		.uleb128 0x2
 596 0100 91       		.byte	0x91
 597 0101 74       		.sleb128 -12
 598 0102 09       		.uleb128 0x9
 599 0103 6E00     		.ascii	"n\000"
 600 0105 01       		.byte	0x1
 601 0106 4C       		.byte	0x4c
 602 0107 2C000000 		.4byte	0x2c
 603 010b 02       		.uleb128 0x2
 604 010c 91       		.byte	0x91
 605 010d 70       		.sleb128 -16
 606 010e 00       		.byte	0
 607 010f 08       		.uleb128 0x8
 608 0110 B4020000 		.4byte	.LASF21
 609 0114 01       		.byte	0x1
 610 0115 53       		.byte	0x53
 611 0116 00000000 		.4byte	.LFB3
 612 011a 20000000 		.4byte	.LFE3-.LFB3
 613 011e 01       		.uleb128 0x1
 614 011f 9C       		.byte	0x9c
 615 0120 4D010000 		.4byte	0x14d
 616 0124 0A       		.uleb128 0xa
 617 0125 52000000 		.4byte	.LASF22
 618 0129 01       		.byte	0x1
 619 012a 53       		.byte	0x53
 620 012b 84000000 		.4byte	0x84
 621 012f 02       		.uleb128 0x2
 622 0130 91       		.byte	0x91
 623 0131 74       		.sleb128 -12
 624 0132 09       		.uleb128 0x9
 625 0133 73726300 		.ascii	"src\000"
 626 0137 01       		.byte	0x1
 627 0138 53       		.byte	0x53
 628 0139 4D010000 		.4byte	0x14d
 629 013d 02       		.uleb128 0x2
 630 013e 91       		.byte	0x91
 631 013f 70       		.sleb128 -16
 632 0140 09       		.uleb128 0x9
 633 0141 6E00     		.ascii	"n\000"
 634 0143 01       		.byte	0x1
 635 0144 53       		.byte	0x53
 636 0145 2C000000 		.4byte	0x2c
 637 0149 02       		.uleb128 0x2
 638 014a 91       		.byte	0x91
 639 014b 6C       		.sleb128 -20
 640 014c 00       		.byte	0
 641 014d 0B       		.uleb128 0xb
ARM GAS  C:\Users\megan\AppData\Local\Temp\cc2EjG34.s 			page 18


 642 014e 04       		.byte	0x4
 643 014f 53010000 		.4byte	0x153
 644 0153 0C       		.uleb128 0xc
 645 0154 08       		.uleb128 0x8
 646 0155 A4020000 		.4byte	.LASF23
 647 0159 01       		.byte	0x1
 648 015a 5A       		.byte	0x5a
 649 015b 00000000 		.4byte	.LFB4
 650 015f 20000000 		.4byte	.LFE4-.LFB4
 651 0163 01       		.uleb128 0x1
 652 0164 9C       		.byte	0x9c
 653 0165 92010000 		.4byte	0x192
 654 0169 0A       		.uleb128 0xa
 655 016a 52000000 		.4byte	.LASF22
 656 016e 01       		.byte	0x1
 657 016f 5A       		.byte	0x5a
 658 0170 84000000 		.4byte	0x84
 659 0174 02       		.uleb128 0x2
 660 0175 91       		.byte	0x91
 661 0176 74       		.sleb128 -12
 662 0177 09       		.uleb128 0x9
 663 0178 73726300 		.ascii	"src\000"
 664 017c 01       		.byte	0x1
 665 017d 5A       		.byte	0x5a
 666 017e 4D010000 		.4byte	0x14d
 667 0182 02       		.uleb128 0x2
 668 0183 91       		.byte	0x91
 669 0184 70       		.sleb128 -16
 670 0185 09       		.uleb128 0x9
 671 0186 6E00     		.ascii	"n\000"
 672 0188 01       		.byte	0x1
 673 0189 5A       		.byte	0x5a
 674 018a 2C000000 		.4byte	0x2c
 675 018e 02       		.uleb128 0x2
 676 018f 91       		.byte	0x91
 677 0190 6C       		.sleb128 -20
 678 0191 00       		.byte	0
 679 0192 0D       		.uleb128 0xd
 680 0193 2E000000 		.4byte	.LASF24
 681 0197 01       		.byte	0x1
 682 0198 AD       		.byte	0xad
 683 0199 00000000 		.4byte	.LFB5
 684 019d F4000000 		.4byte	.LFE5-.LFB5
 685 01a1 01       		.uleb128 0x1
 686 01a2 9C       		.byte	0x9c
 687 01a3 0E       		.uleb128 0xe
 688 01a4 0D000000 		.4byte	.LASF25
 689 01a8 01       		.byte	0x1
 690 01a9 F2       		.byte	0xf2
 691 01aa 00000000 		.4byte	.LFB6
 692 01ae 28000000 		.4byte	.LFE6-.LFB6
 693 01b2 01       		.uleb128 0x1
 694 01b3 9C       		.byte	0x9c
 695 01b4 0F       		.uleb128 0xf
 696 01b5 26010000 		.4byte	.LASF33
 697 01b9 01       		.byte	0x1
 698 01ba 0D01     		.2byte	0x10d
ARM GAS  C:\Users\megan\AppData\Local\Temp\cc2EjG34.s 			page 19


 699 01bc F4000000 		.4byte	.LFB7
 700 01c0 D8000000 		.4byte	.LFE7-.LFB7
 701 01c4 01       		.uleb128 0x1
 702 01c5 9C       		.byte	0x9c
 703 01c6 10       		.uleb128 0x10
 704 01c7 02010000 		.4byte	.LBB2
 705 01cb 7E000000 		.4byte	.LBE2-.LBB2
 706 01cf 11       		.uleb128 0x11
 707 01d0 06       		.byte	0x6
 708 01d1 01       		.byte	0x1
 709 01d2 1601     		.2byte	0x116
 710 01d4 F3010000 		.4byte	0x1f3
 711 01d8 12       		.uleb128 0x12
 712 01d9 4E010000 		.4byte	.LASF26
 713 01dd 01       		.byte	0x1
 714 01de 1701     		.2byte	0x117
 715 01e0 84000000 		.4byte	0x84
 716 01e4 00       		.byte	0
 717 01e5 12       		.uleb128 0x12
 718 01e6 57000000 		.4byte	.LASF27
 719 01ea 01       		.byte	0x1
 720 01eb 1801     		.2byte	0x118
 721 01ed 99000000 		.4byte	0x99
 722 01f1 04       		.byte	0x4
 723 01f2 00       		.byte	0
 724 01f3 06       		.uleb128 0x6
 725 01f4 2A020000 		.4byte	.LASF28
 726 01f8 01       		.byte	0x1
 727 01f9 1901     		.2byte	0x119
 728 01fb CF010000 		.4byte	0x1cf
 729 01ff 13       		.uleb128 0x13
 730 0200 0F020000 		.4byte	0x20f
 731 0204 0F020000 		.4byte	0x20f
 732 0208 14       		.uleb128 0x14
 733 0209 7D000000 		.4byte	0x7d
 734 020d 01       		.byte	0x1
 735 020e 00       		.byte	0
 736 020f 15       		.uleb128 0x15
 737 0210 F3010000 		.4byte	0x1f3
 738 0214 16       		.uleb128 0x16
 739 0215 1E000000 		.4byte	.LASF29
 740 0219 01       		.byte	0x1
 741 021a 1B01     		.2byte	0x11b
 742 021c 26020000 		.4byte	0x226
 743 0220 05       		.uleb128 0x5
 744 0221 03       		.byte	0x3
 745 0222 00000000 		.4byte	cfg_memset_list.4893
 746 0226 15       		.uleb128 0x15
 747 0227 FF010000 		.4byte	0x1ff
 748 022b 17       		.uleb128 0x17
 749 022c 6900     		.ascii	"i\000"
 750 022e 01       		.byte	0x1
 751 022f 2101     		.2byte	0x121
 752 0231 8D000000 		.4byte	0x8d
 753 0235 02       		.uleb128 0x2
 754 0236 91       		.byte	0x91
 755 0237 77       		.sleb128 -9
ARM GAS  C:\Users\megan\AppData\Local\Temp\cc2EjG34.s 			page 20


 756 0238 10       		.uleb128 0x10
 757 0239 0A010000 		.4byte	.LBB3
 758 023d 3C000000 		.4byte	.LBE3-.LBB3
 759 0241 17       		.uleb128 0x17
 760 0242 6D7300   		.ascii	"ms\000"
 761 0245 01       		.byte	0x1
 762 0246 2601     		.2byte	0x126
 763 0248 4F020000 		.4byte	0x24f
 764 024c 02       		.uleb128 0x2
 765 024d 91       		.byte	0x91
 766 024e 70       		.sleb128 -16
 767 024f 0B       		.uleb128 0xb
 768 0250 04       		.byte	0x4
 769 0251 0F020000 		.4byte	0x20f
 770 0255 00       		.byte	0
 771 0256 00       		.byte	0
 772 0257 00       		.byte	0
 773 0258 00       		.byte	0
 774              		.section	.debug_abbrev,"",%progbits
 775              	.Ldebug_abbrev0:
 776 0000 01       		.uleb128 0x1
 777 0001 11       		.uleb128 0x11
 778 0002 01       		.byte	0x1
 779 0003 25       		.uleb128 0x25
 780 0004 0E       		.uleb128 0xe
 781 0005 13       		.uleb128 0x13
 782 0006 0B       		.uleb128 0xb
 783 0007 03       		.uleb128 0x3
 784 0008 0E       		.uleb128 0xe
 785 0009 1B       		.uleb128 0x1b
 786 000a 0E       		.uleb128 0xe
 787 000b 55       		.uleb128 0x55
 788 000c 17       		.uleb128 0x17
 789 000d 11       		.uleb128 0x11
 790 000e 01       		.uleb128 0x1
 791 000f 10       		.uleb128 0x10
 792 0010 17       		.uleb128 0x17
 793 0011 00       		.byte	0
 794 0012 00       		.byte	0
 795 0013 02       		.uleb128 0x2
 796 0014 24       		.uleb128 0x24
 797 0015 00       		.byte	0
 798 0016 0B       		.uleb128 0xb
 799 0017 0B       		.uleb128 0xb
 800 0018 3E       		.uleb128 0x3e
 801 0019 0B       		.uleb128 0xb
 802 001a 03       		.uleb128 0x3
 803 001b 08       		.uleb128 0x8
 804 001c 00       		.byte	0
 805 001d 00       		.byte	0
 806 001e 03       		.uleb128 0x3
 807 001f 16       		.uleb128 0x16
 808 0020 00       		.byte	0
 809 0021 03       		.uleb128 0x3
 810 0022 0E       		.uleb128 0xe
 811 0023 3A       		.uleb128 0x3a
 812 0024 0B       		.uleb128 0xb
ARM GAS  C:\Users\megan\AppData\Local\Temp\cc2EjG34.s 			page 21


 813 0025 3B       		.uleb128 0x3b
 814 0026 0B       		.uleb128 0xb
 815 0027 49       		.uleb128 0x49
 816 0028 13       		.uleb128 0x13
 817 0029 00       		.byte	0
 818 002a 00       		.byte	0
 819 002b 04       		.uleb128 0x4
 820 002c 24       		.uleb128 0x24
 821 002d 00       		.byte	0
 822 002e 0B       		.uleb128 0xb
 823 002f 0B       		.uleb128 0xb
 824 0030 3E       		.uleb128 0x3e
 825 0031 0B       		.uleb128 0xb
 826 0032 03       		.uleb128 0x3
 827 0033 0E       		.uleb128 0xe
 828 0034 00       		.byte	0
 829 0035 00       		.byte	0
 830 0036 05       		.uleb128 0x5
 831 0037 0F       		.uleb128 0xf
 832 0038 00       		.byte	0
 833 0039 0B       		.uleb128 0xb
 834 003a 0B       		.uleb128 0xb
 835 003b 00       		.byte	0
 836 003c 00       		.byte	0
 837 003d 06       		.uleb128 0x6
 838 003e 16       		.uleb128 0x16
 839 003f 00       		.byte	0
 840 0040 03       		.uleb128 0x3
 841 0041 0E       		.uleb128 0xe
 842 0042 3A       		.uleb128 0x3a
 843 0043 0B       		.uleb128 0xb
 844 0044 3B       		.uleb128 0x3b
 845 0045 05       		.uleb128 0x5
 846 0046 49       		.uleb128 0x49
 847 0047 13       		.uleb128 0x13
 848 0048 00       		.byte	0
 849 0049 00       		.byte	0
 850 004a 07       		.uleb128 0x7
 851 004b 35       		.uleb128 0x35
 852 004c 00       		.byte	0
 853 004d 49       		.uleb128 0x49
 854 004e 13       		.uleb128 0x13
 855 004f 00       		.byte	0
 856 0050 00       		.byte	0
 857 0051 08       		.uleb128 0x8
 858 0052 2E       		.uleb128 0x2e
 859 0053 01       		.byte	0x1
 860 0054 03       		.uleb128 0x3
 861 0055 0E       		.uleb128 0xe
 862 0056 3A       		.uleb128 0x3a
 863 0057 0B       		.uleb128 0xb
 864 0058 3B       		.uleb128 0x3b
 865 0059 0B       		.uleb128 0xb
 866 005a 27       		.uleb128 0x27
 867 005b 19       		.uleb128 0x19
 868 005c 11       		.uleb128 0x11
 869 005d 01       		.uleb128 0x1
ARM GAS  C:\Users\megan\AppData\Local\Temp\cc2EjG34.s 			page 22


 870 005e 12       		.uleb128 0x12
 871 005f 06       		.uleb128 0x6
 872 0060 40       		.uleb128 0x40
 873 0061 18       		.uleb128 0x18
 874 0062 9642     		.uleb128 0x2116
 875 0064 19       		.uleb128 0x19
 876 0065 01       		.uleb128 0x1
 877 0066 13       		.uleb128 0x13
 878 0067 00       		.byte	0
 879 0068 00       		.byte	0
 880 0069 09       		.uleb128 0x9
 881 006a 05       		.uleb128 0x5
 882 006b 00       		.byte	0
 883 006c 03       		.uleb128 0x3
 884 006d 08       		.uleb128 0x8
 885 006e 3A       		.uleb128 0x3a
 886 006f 0B       		.uleb128 0xb
 887 0070 3B       		.uleb128 0x3b
 888 0071 0B       		.uleb128 0xb
 889 0072 49       		.uleb128 0x49
 890 0073 13       		.uleb128 0x13
 891 0074 02       		.uleb128 0x2
 892 0075 18       		.uleb128 0x18
 893 0076 00       		.byte	0
 894 0077 00       		.byte	0
 895 0078 0A       		.uleb128 0xa
 896 0079 05       		.uleb128 0x5
 897 007a 00       		.byte	0
 898 007b 03       		.uleb128 0x3
 899 007c 0E       		.uleb128 0xe
 900 007d 3A       		.uleb128 0x3a
 901 007e 0B       		.uleb128 0xb
 902 007f 3B       		.uleb128 0x3b
 903 0080 0B       		.uleb128 0xb
 904 0081 49       		.uleb128 0x49
 905 0082 13       		.uleb128 0x13
 906 0083 02       		.uleb128 0x2
 907 0084 18       		.uleb128 0x18
 908 0085 00       		.byte	0
 909 0086 00       		.byte	0
 910 0087 0B       		.uleb128 0xb
 911 0088 0F       		.uleb128 0xf
 912 0089 00       		.byte	0
 913 008a 0B       		.uleb128 0xb
 914 008b 0B       		.uleb128 0xb
 915 008c 49       		.uleb128 0x49
 916 008d 13       		.uleb128 0x13
 917 008e 00       		.byte	0
 918 008f 00       		.byte	0
 919 0090 0C       		.uleb128 0xc
 920 0091 26       		.uleb128 0x26
 921 0092 00       		.byte	0
 922 0093 00       		.byte	0
 923 0094 00       		.byte	0
 924 0095 0D       		.uleb128 0xd
 925 0096 2E       		.uleb128 0x2e
 926 0097 00       		.byte	0
ARM GAS  C:\Users\megan\AppData\Local\Temp\cc2EjG34.s 			page 23


 927 0098 03       		.uleb128 0x3
 928 0099 0E       		.uleb128 0xe
 929 009a 3A       		.uleb128 0x3a
 930 009b 0B       		.uleb128 0xb
 931 009c 3B       		.uleb128 0x3b
 932 009d 0B       		.uleb128 0xb
 933 009e 27       		.uleb128 0x27
 934 009f 19       		.uleb128 0x19
 935 00a0 11       		.uleb128 0x11
 936 00a1 01       		.uleb128 0x1
 937 00a2 12       		.uleb128 0x12
 938 00a3 06       		.uleb128 0x6
 939 00a4 40       		.uleb128 0x40
 940 00a5 18       		.uleb128 0x18
 941 00a6 9642     		.uleb128 0x2116
 942 00a8 19       		.uleb128 0x19
 943 00a9 00       		.byte	0
 944 00aa 00       		.byte	0
 945 00ab 0E       		.uleb128 0xe
 946 00ac 2E       		.uleb128 0x2e
 947 00ad 00       		.byte	0
 948 00ae 03       		.uleb128 0x3
 949 00af 0E       		.uleb128 0xe
 950 00b0 3A       		.uleb128 0x3a
 951 00b1 0B       		.uleb128 0xb
 952 00b2 3B       		.uleb128 0x3b
 953 00b3 0B       		.uleb128 0xb
 954 00b4 27       		.uleb128 0x27
 955 00b5 19       		.uleb128 0x19
 956 00b6 11       		.uleb128 0x11
 957 00b7 01       		.uleb128 0x1
 958 00b8 12       		.uleb128 0x12
 959 00b9 06       		.uleb128 0x6
 960 00ba 40       		.uleb128 0x40
 961 00bb 18       		.uleb128 0x18
 962 00bc 9742     		.uleb128 0x2117
 963 00be 19       		.uleb128 0x19
 964 00bf 00       		.byte	0
 965 00c0 00       		.byte	0
 966 00c1 0F       		.uleb128 0xf
 967 00c2 2E       		.uleb128 0x2e
 968 00c3 01       		.byte	0x1
 969 00c4 3F       		.uleb128 0x3f
 970 00c5 19       		.uleb128 0x19
 971 00c6 03       		.uleb128 0x3
 972 00c7 0E       		.uleb128 0xe
 973 00c8 3A       		.uleb128 0x3a
 974 00c9 0B       		.uleb128 0xb
 975 00ca 3B       		.uleb128 0x3b
 976 00cb 05       		.uleb128 0x5
 977 00cc 27       		.uleb128 0x27
 978 00cd 19       		.uleb128 0x19
 979 00ce 11       		.uleb128 0x11
 980 00cf 01       		.uleb128 0x1
 981 00d0 12       		.uleb128 0x12
 982 00d1 06       		.uleb128 0x6
 983 00d2 40       		.uleb128 0x40
ARM GAS  C:\Users\megan\AppData\Local\Temp\cc2EjG34.s 			page 24


 984 00d3 18       		.uleb128 0x18
 985 00d4 9642     		.uleb128 0x2116
 986 00d6 19       		.uleb128 0x19
 987 00d7 00       		.byte	0
 988 00d8 00       		.byte	0
 989 00d9 10       		.uleb128 0x10
 990 00da 0B       		.uleb128 0xb
 991 00db 01       		.byte	0x1
 992 00dc 11       		.uleb128 0x11
 993 00dd 01       		.uleb128 0x1
 994 00de 12       		.uleb128 0x12
 995 00df 06       		.uleb128 0x6
 996 00e0 00       		.byte	0
 997 00e1 00       		.byte	0
 998 00e2 11       		.uleb128 0x11
 999 00e3 13       		.uleb128 0x13
 1000 00e4 01       		.byte	0x1
 1001 00e5 0B       		.uleb128 0xb
 1002 00e6 0B       		.uleb128 0xb
 1003 00e7 3A       		.uleb128 0x3a
 1004 00e8 0B       		.uleb128 0xb
 1005 00e9 3B       		.uleb128 0x3b
 1006 00ea 05       		.uleb128 0x5
 1007 00eb 01       		.uleb128 0x1
 1008 00ec 13       		.uleb128 0x13
 1009 00ed 00       		.byte	0
 1010 00ee 00       		.byte	0
 1011 00ef 12       		.uleb128 0x12
 1012 00f0 0D       		.uleb128 0xd
 1013 00f1 00       		.byte	0
 1014 00f2 03       		.uleb128 0x3
 1015 00f3 0E       		.uleb128 0xe
 1016 00f4 3A       		.uleb128 0x3a
 1017 00f5 0B       		.uleb128 0xb
 1018 00f6 3B       		.uleb128 0x3b
 1019 00f7 05       		.uleb128 0x5
 1020 00f8 49       		.uleb128 0x49
 1021 00f9 13       		.uleb128 0x13
 1022 00fa 38       		.uleb128 0x38
 1023 00fb 0B       		.uleb128 0xb
 1024 00fc 00       		.byte	0
 1025 00fd 00       		.byte	0
 1026 00fe 13       		.uleb128 0x13
 1027 00ff 01       		.uleb128 0x1
 1028 0100 01       		.byte	0x1
 1029 0101 49       		.uleb128 0x49
 1030 0102 13       		.uleb128 0x13
 1031 0103 01       		.uleb128 0x1
 1032 0104 13       		.uleb128 0x13
 1033 0105 00       		.byte	0
 1034 0106 00       		.byte	0
 1035 0107 14       		.uleb128 0x14
 1036 0108 21       		.uleb128 0x21
 1037 0109 00       		.byte	0
 1038 010a 49       		.uleb128 0x49
 1039 010b 13       		.uleb128 0x13
 1040 010c 2F       		.uleb128 0x2f
ARM GAS  C:\Users\megan\AppData\Local\Temp\cc2EjG34.s 			page 25


 1041 010d 0B       		.uleb128 0xb
 1042 010e 00       		.byte	0
 1043 010f 00       		.byte	0
 1044 0110 15       		.uleb128 0x15
 1045 0111 26       		.uleb128 0x26
 1046 0112 00       		.byte	0
 1047 0113 49       		.uleb128 0x49
 1048 0114 13       		.uleb128 0x13
 1049 0115 00       		.byte	0
 1050 0116 00       		.byte	0
 1051 0117 16       		.uleb128 0x16
 1052 0118 34       		.uleb128 0x34
 1053 0119 00       		.byte	0
 1054 011a 03       		.uleb128 0x3
 1055 011b 0E       		.uleb128 0xe
 1056 011c 3A       		.uleb128 0x3a
 1057 011d 0B       		.uleb128 0xb
 1058 011e 3B       		.uleb128 0x3b
 1059 011f 05       		.uleb128 0x5
 1060 0120 49       		.uleb128 0x49
 1061 0121 13       		.uleb128 0x13
 1062 0122 02       		.uleb128 0x2
 1063 0123 18       		.uleb128 0x18
 1064 0124 00       		.byte	0
 1065 0125 00       		.byte	0
 1066 0126 17       		.uleb128 0x17
 1067 0127 34       		.uleb128 0x34
 1068 0128 00       		.byte	0
 1069 0129 03       		.uleb128 0x3
 1070 012a 08       		.uleb128 0x8
 1071 012b 3A       		.uleb128 0x3a
 1072 012c 0B       		.uleb128 0xb
 1073 012d 3B       		.uleb128 0x3b
 1074 012e 05       		.uleb128 0x5
 1075 012f 49       		.uleb128 0x49
 1076 0130 13       		.uleb128 0x13
 1077 0131 02       		.uleb128 0x2
 1078 0132 18       		.uleb128 0x18
 1079 0133 00       		.byte	0
 1080 0134 00       		.byte	0
 1081 0135 00       		.byte	0
 1082              		.section	.debug_aranges,"",%progbits
 1083 0000 44000000 		.4byte	0x44
 1084 0004 0200     		.2byte	0x2
 1085 0006 00000000 		.4byte	.Ldebug_info0
 1086 000a 04       		.byte	0x4
 1087 000b 00       		.byte	0
 1088 000c 0000     		.2byte	0
 1089 000e 0000     		.2byte	0
 1090 0010 00000000 		.4byte	.LFB2
 1091 0014 1E000000 		.4byte	.LFE2-.LFB2
 1092 0018 00000000 		.4byte	.LFB3
 1093 001c 20000000 		.4byte	.LFE3-.LFB3
 1094 0020 00000000 		.4byte	.LFB4
 1095 0024 20000000 		.4byte	.LFE4-.LFB4
 1096 0028 00000000 		.4byte	.LFB5
 1097 002c F4000000 		.4byte	.LFE5-.LFB5
ARM GAS  C:\Users\megan\AppData\Local\Temp\cc2EjG34.s 			page 26


 1098 0030 00000000 		.4byte	.LFB6
 1099 0034 28000000 		.4byte	.LFE6-.LFB6
 1100 0038 F4000000 		.4byte	.LFB7
 1101 003c D8000000 		.4byte	.LFE7-.LFB7
 1102 0040 00000000 		.4byte	0
 1103 0044 00000000 		.4byte	0
 1104              		.section	.debug_ranges,"",%progbits
 1105              	.Ldebug_ranges0:
 1106 0000 00000000 		.4byte	.LFB2
 1107 0004 1E000000 		.4byte	.LFE2
 1108 0008 00000000 		.4byte	.LFB3
 1109 000c 20000000 		.4byte	.LFE3
 1110 0010 00000000 		.4byte	.LFB4
 1111 0014 20000000 		.4byte	.LFE4
 1112 0018 00000000 		.4byte	.LFB5
 1113 001c F4000000 		.4byte	.LFE5
 1114 0020 00000000 		.4byte	.LFB6
 1115 0024 28000000 		.4byte	.LFE6
 1116 0028 F4000000 		.4byte	.LFB7
 1117 002c CC010000 		.4byte	.LFE7
 1118 0030 00000000 		.4byte	0
 1119 0034 00000000 		.4byte	0
 1120              		.section	.debug_line,"",%progbits
 1121              	.Ldebug_line0:
 1122 0000 6C010000 		.section	.debug_str,"MS",%progbits,1
 1122      0200CB00 
 1122      00000201 
 1122      FB0E0D00 
 1122      01010101 
 1123              	.LASF19:
 1124 0000 72656733 		.ascii	"reg32\000"
 1124      3200
 1125              	.LASF12:
 1126 0006 73697A65 		.ascii	"size_t\000"
 1126      5F7400
 1127              	.LASF25:
 1128 000d 416E616C 		.ascii	"AnalogSetDefault\000"
 1128      6F675365 
 1128      74446566 
 1128      61756C74 
 1128      00
 1129              	.LASF29:
 1130 001e 6366675F 		.ascii	"cfg_memset_list\000"
 1130      6D656D73 
 1130      65745F6C 
 1130      69737400 
 1131              	.LASF24:
 1132 002e 436C6F63 		.ascii	"ClockSetup\000"
 1132      6B536574 
 1132      757000
 1133              	.LASF6:
 1134 0039 73686F72 		.ascii	"short unsigned int\000"
 1134      7420756E 
 1134      7369676E 
 1134      65642069 
 1134      6E7400
 1135              	.LASF16:
ARM GAS  C:\Users\megan\AppData\Local\Temp\cc2EjG34.s 			page 27


 1136 004c 666C6F61 		.ascii	"float\000"
 1136      7400
 1137              	.LASF22:
 1138 0052 64657374 		.ascii	"dest\000"
 1138      00
 1139              	.LASF27:
 1140 0057 73697A65 		.ascii	"size\000"
 1140      00
 1141              	.LASF18:
 1142 005c 72656738 		.ascii	"reg8\000"
 1142      00
 1143              	.LASF8:
 1144 0061 6C6F6E67 		.ascii	"long unsigned int\000"
 1144      20756E73 
 1144      69676E65 
 1144      6420696E 
 1144      7400
 1145              	.LASF13:
 1146 0073 75696E74 		.ascii	"uint8\000"
 1146      3800
 1147              	.LASF20:
 1148 0079 43594D45 		.ascii	"CYMEMZERO\000"
 1148      4D5A4552 
 1148      4F00
 1149              	.LASF30:
 1150 0083 474E5520 		.ascii	"GNU C11 5.4.1 20160609 (release) [ARM/embedded-5-br"
 1150      43313120 
 1150      352E342E 
 1150      31203230 
 1150      31363036 
 1151 00b6 616E6368 		.ascii	"anch revision 237715] -mcpu=cortex-m0 -mthumb -g -O"
 1151      20726576 
 1151      6973696F 
 1151      6E203233 
 1151      37373135 
 1152 00e9 30202D66 		.ascii	"0 -ffunction-sections -ffat-lto-objects\000"
 1152      66756E63 
 1152      74696F6E 
 1152      2D736563 
 1152      74696F6E 
 1153              	.LASF4:
 1154 0111 756E7369 		.ascii	"unsigned char\000"
 1154      676E6564 
 1154      20636861 
 1154      7200
 1155              	.LASF17:
 1156 011f 646F7562 		.ascii	"double\000"
 1156      6C6500
 1157              	.LASF33:
 1158 0126 63796669 		.ascii	"cyfitter_cfg\000"
 1158      74746572 
 1158      5F636667 
 1158      00
 1159              	.LASF14:
 1160 0133 75696E74 		.ascii	"uint16\000"
 1160      313600
 1161              	.LASF15:
ARM GAS  C:\Users\megan\AppData\Local\Temp\cc2EjG34.s 			page 28


 1162 013a 75696E74 		.ascii	"uint32\000"
 1162      333200
 1163              	.LASF0:
 1164 0141 756E7369 		.ascii	"unsigned int\000"
 1164      676E6564 
 1164      20696E74 
 1164      00
 1165              	.LASF26:
 1166 014e 61646472 		.ascii	"address\000"
 1166      65737300 
 1167              	.LASF9:
 1168 0156 6C6F6E67 		.ascii	"long long unsigned int\000"
 1168      206C6F6E 
 1168      6720756E 
 1168      7369676E 
 1168      65642069 
 1169              	.LASF32:
 1170 016d 433A5C55 		.ascii	"C:\\Users\\megan\\Google Drive\\College\\S10 - Fall"
 1170      73657273 
 1170      5C6D6567 
 1170      616E5C47 
 1170      6F6F676C 
 1171 019b 20323031 		.ascii	" 2017\\ECEN 4350 - Embedded uC Design\\Github\\ECEN"
 1171      375C4543 
 1171      454E2034 
 1171      33353020 
 1171      2D20456D 
 1172 01cb 34333530 		.ascii	"4350-EmbeddedMicrocontrollerDesign\\BinMonitorPart1"
 1172      2D456D62 
 1172      65646465 
 1172      644D6963 
 1172      726F636F 
 1173 01fd 5C42696E 		.ascii	"\\BinMonitorPart1\\BinMonitorSensorPart1.cydsn\000"
 1173      4D6F6E69 
 1173      746F7250 
 1173      61727431 
 1173      5C42696E 
 1174              	.LASF28:
 1175 022a 6366675F 		.ascii	"cfg_memset_t\000"
 1175      6D656D73 
 1175      65745F74 
 1175      00
 1176              	.LASF10:
 1177 0237 73697A65 		.ascii	"sizetype\000"
 1177      74797065 
 1177      00
 1178              	.LASF1:
 1179 0240 6C6F6E67 		.ascii	"long long int\000"
 1179      206C6F6E 
 1179      6720696E 
 1179      7400
 1180              	.LASF11:
 1181 024e 63686172 		.ascii	"char\000"
 1181      00
 1182              	.LASF5:
 1183 0253 73686F72 		.ascii	"short int\000"
 1183      7420696E 
ARM GAS  C:\Users\megan\AppData\Local\Temp\cc2EjG34.s 			page 29


 1183      7400
 1184              	.LASF7:
 1185 025d 6C6F6E67 		.ascii	"long int\000"
 1185      20696E74 
 1185      00
 1186              	.LASF2:
 1187 0266 6C6F6E67 		.ascii	"long double\000"
 1187      20646F75 
 1187      626C6500 
 1188              	.LASF3:
 1189 0272 7369676E 		.ascii	"signed char\000"
 1189      65642063 
 1189      68617200 
 1190              	.LASF31:
 1191 027e 47656E65 		.ascii	"Generated_Source\\PSoC4\\cyfitter_cfg.c\000"
 1191      72617465 
 1191      645F536F 
 1191      75726365 
 1191      5C50536F 
 1192              	.LASF23:
 1193 02a4 4359434F 		.ascii	"CYCONFIGCPYCODE\000"
 1193      4E464947 
 1193      43505943 
 1193      4F444500 
 1194              	.LASF21:
 1195 02b4 4359434F 		.ascii	"CYCONFIGCPY\000"
 1195      4E464947 
 1195      43505900 
 1196              		.ident	"GCC: (GNU Tools for ARM Embedded Processors) 5.4.1 20160609 (release) [ARM/embedded-5-bran
